// Jest Snapshot v1, https://goo.gl/fbAQLP

exports[`Tabs renders the component correctly 1`] = `
<div
  className="tabs"
>
  <ul
    className="tabs__labels"
  >
    <li
      className="active"
      onClick={[Function]}
    >
      Tab 1
    </li>
    <li
      className=""
      onClick={[Function]}
    >
      Tab 2
    </li>
    <li
      className=""
      onClick={[Function]}
    >
      Tab 3
    </li>
  </ul>
  <div
    className="tabs__content"
  >
    <div
      className="tab-pane"
    >
      <div>
        This is my tab 1 contents!
      </div>
    </div>
  </div>
</div>
`;
